1. block sans end
2. guillemets non fermés: encore vivant
[1, 2]
1
3. condition sans parenthèses
42
4. 1 2 3
[1, 2, 3]
{a: 1, b: 2}
5. continuations: 6
[1, 2, 3]
6. y = 10
7. nil
8. junk ? ` ~ ^ skipped
1 2
9. 0 0
10. nil
nil
nil
nil
nil
nil
nil
12.
ok
deep
14. survivant
bobshit: warning: line 7: unterminated string, closed implicitly at end of line
bobshit: warning: line 41: ignored stray character '?'
bobshit: parse error: line 9: missing ']', list closed implicitly
bobshit: parse error: line 11: missing '}', map closed implicitly
bobshit: parse error: line 66: unexpected ']' in expression
bobshit: parse error: line 67: unexpected ')' in expression
bobshit: warning: line 37: unknown variable 'nope', treated as nil
bobshit: warning: line 44: division by zero, result is 0
bobshit: warning: line 44: modulo by zero, result is 0
bobshit: warning: line 47: '42' is a num, not a function, call ignored
bobshit: warning: line 49: 'nope' is a str, not a function, call ignored
bobshit: warning: line 52: list index out of range (size 1), value is nil
bobshit: warning: line 53: string index out of range (length 2), value is nil
bobshit: warning: line 54: cannot index a nil value
bobshit: 10 warning(s), run with -s to turn them into errors
